[debug] [2025-04-30T17:57:50.999Z] ----------------------------------------------------------------------
[debug] [2025-04-30T17:57:51.002Z] Command:       C:\Program Files\nodejs\node.exe C:\Users\hp\AppData\Roaming\npm\node_modules\firebase-tools\lib\bin\firebase.js init
[debug] [2025-04-30T17:57:51.002Z] CLI Version:   14.2.1
[debug] [2025-04-30T17:57:51.002Z] Platform:      win32
[debug] [2025-04-30T17:57:51.002Z] Node Version:  v22.14.0
[debug] [2025-04-30T17:57:51.003Z] Time:          Wed Apr 30 2025 23:27:51 GMT+0530 (India Standard Time)
[debug] [2025-04-30T17:57:51.003Z] ----------------------------------------------------------------------
[debug] 
[debug] [2025-04-30T17:57:51.252Z] > command requires scopes: ["email","openid","https://www.googleapis.com/auth/cloudplatformprojects.readonly","https://www.googleapis.com/auth/firebase","https://www.googleapis.com/auth/cloud-platform"]
[debug] [2025-04-30T17:57:51.253Z] > authorizing via signed-in user (charugupta7112003@gmail.com)
[info] 
     ######## #### ########  ######## ########     ###     ######  ########
     ##        ##  ##     ## ##       ##     ##  ##   ##  ##       ##
     ######    ##  ########  ######   ########  #########  ######  ######
     ##        ##  ##    ##  ##       ##     ## ##     ##       ## ##
     ##       #### ##     ## ######## ########  ##     ##  ######  ########

You're about to initialize a Firebase project in this directory:

  C:\Users\hp\Downloads\nextjs-portfolio-main (2)\nextjs-portfolio-main\nextjs-portfolio-main

Before we get started, keep in mind:

  * You are initializing within an existing Firebase project directory

